// Jest Snapshot v1, https://goo.gl/fbAQLP

exports[`Testing Sign should render dot sign correctly 1`] = `
<span
  className="gio-customized-sign gio-sign gio-sign__dot-wrapper"
>
  <span
    className="gio-sign__dot gio-sign--right-top gio-sign__dot--default gio-sign__dot--middle"
  />
  <span>
    Dot
  </span>
</span>
`;

exports[`Testing Sign should render number sign correctly 1`] = `
<span
  className="gio-customized-sign gio-sign gio-sign__number-wrapper"
>
  <span
    className="gio-sign__number gio-sign--right-top"
    style={
      Object {
        "right": "-0px",
        "top": "-0px",
      }
    }
  >
    99+
  </span>
  <span>
    Number
  </span>
</span>
`;
