// Jest Snapshot v1, https://goo.gl/fbAQLP

exports[`Testing Layout should be stable 1`] = `
<DocumentFragment>
  <section
    class="gio-layout gio-layout-has-sider"
    style="margin-left: 0px; margin-right: 0px;"
  >
    <aside
      class="gio-layout-sider gio-layout-sider-collapsed"
      style="--layout-sider-width: 200px; --layout-sider-collapsedWidth: 80px; --layout-sider-collapsedWidth-negative: -80px;"
    >
      <div
        class="gio-layout-sider-content"
        data-testid="sider-content"
      />
    </aside>
    <section
      class="gio-layout"
      style="margin-left: 0px; margin-right: 0px;"
    >
      <header
        class="gio-layout-header"
      >
        <section
          class="gio-layout-header-section"
          style="--layout-header-section-justify: space-around;"
        />
        <div
          class="gio-layout-header-divider"
        />
      </header>
      <main
        class="gio-layout-content"
        style="flex-grow: 1; margin: 0px 20px;"
      />
    </section>
  </section>
</DocumentFragment>
`;
