// Jest Snapshot v1, https://goo.gl/fbAQLP

exports[`Testing Tabs should be stable 1`] = `
<DocumentFragment>
  <div
    class="gio-tabs gio-tabs-block gio-tabs-lg"
  >
    <div
      class="gio-tabnav gio-tabnav-block gio-tabnav-lg"
    >
      <div
        class="gio-tabnav-item gio-tabnav-item-active"
        data-testid="tabnav-item"
      >
        <div
          class="gio-tabnav-item-btn"
        >
          我的
        </div>
      </div>
      <div
        class="gio-tabnav-item"
        data-testid="tabnav-item"
      >
        <div
          class="gio-tabnav-item-btn"
        >
          全部
        </div>
      </div>
      <div
        class="gio-tabnav-item"
        data-testid="tabnav-item"
      >
        <div
          class="gio-tabnav-item-btn"
        >
          共享
        </div>
      </div>
      <div
        class="gio-tabnav-item gio-tabnav-item-disabled"
        data-testid="tabnav-item"
        disabled=""
      >
        <div
          class="gio-tabnav-item-btn"
        >
          预置
        </div>
      </div>
      <div
        class="gio-tabnav-ink-bar"
        style="left: 0px; width: 0px;"
      />
    </div>
    <div
      class="gio-tabs-content"
    >
      <div
        class="gio-tabs-tabpane gio-tabs-tabpane-active"
        style=""
      >
        111
      </div>
      <div
        class="gio-tabs-tabpane"
        style="display: none;"
      >
        222
      </div>
      <div
        class="gio-tabs-tabpane"
        style="display: none;"
      >
        333
      </div>
      <div
        class="gio-tabs-tabpane"
        style="display: none;"
      >
        444
      </div>
    </div>
  </div>
</DocumentFragment>
`;
