// Jest Snapshot v1, https://goo.gl/fbAQLP

exports[`Testing timepicker props test 1`] = `false`;

exports[`Testing timepicker should match alert base snapshot. 1`] = `
initialize {
  "0": Object {
    "attribs": Object {
      "class": "gio-time-picker",
    },
    "children": Array [
      Object {
        "attribs": Object {
          "class": "gio-time-picker-input",
          "required": "",
          "type": "text",
          "value": "",
        },
        "children": Array [],
        "name": "input",
        "namespace": "http://www.w3.org/1999/xhtml",
        "next": Object {
          "attribs": Object {
            "class": "gio-time-picker-addon-icon",
            "role": "button",
          },
          "children": Array [
            Object {
              "attribs": Object {
                "class": "gio-icon",
              },
              "children": Array [
                Object {
                  "attribs": Object {
                    "class": "gio-icon-svg",
                    "fill": "currentColor",
                    "height": "16px",
                    "style": "color:#5C4E61",
                    "viewBox": "0 0 12 14",
                    "width": "16px",
                    "xmlns": "http://www.w3.org/2000/svg",
                  },
                  "children": Array [
                    Object {
                      "attribs": Object {},
                      "children": Array [
                        Object {
                          "attribs": Object {
                            "id": "stop-watch-outlined_svg__a",
                            "transform": "translate(-1)",
                          },
                          "children": Array [
                            Object {
                              "attribs": Object {
                                "d": "M0 0h14v14H0z",
                                "fill": "currentColor",
                              },
                              "children": Array [],
                              "name": "path",
                              "namespace": "http://www.w3.org/2000/svg",
                              "next": null,
                              "parent": [Circular],
                              "prev": null,
                              "type": "tag",
                              "x-attribsNamespace": Object {
                                "d": undefined,
                                "fill": undefined,
                              },
                              "x-attribsPrefix": Object {
                                "d": undefined,
                                "fill": undefined,
                              },
                            },
                          ],
                          "name": "clipPath",
                          "namespace": "http://www.w3.org/2000/svg",
                          "next": null,
                          "parent": [Circular],
                          "prev": null,
                          "type": "tag",
                          "x-attribsNamespace": Object {
                            "id": undefined,
                            "transform": undefined,
                          },
                          "x-attribsPrefix": Object {
                            "id": undefined,
                            "transform": undefined,
                          },
                        },
                      ],
                      "name": "defs",
                      "namespace": "http://www.w3.org/2000/svg",
                      "next": Object {
                        "attribs": Object {},
                        "children": Array [
                          Object {
                            "attribs": Object {
                              "clip-path": "url(#stop-watch-outlined_svg__a)",
                            },
                            "children": Array [
                              Object {
                                "attribs": Object {
                                  "d": "M6 2a6 6 0 106 6 6 6 0 00-6-6zm0 11a5 5 0 115-5 5 5 0 01-5 5z",
                                  "fill": "currentColor",
                                },
                                "children": Array [],
                                "name": "path",
                                "namespace": "http://www.w3.org/2000/svg",
                                "next": Object {
                                  "attribs": Object {
                                    "height": "1",
                                    "rx": "0.5",
                                    "width": "4",
                                    "x": "4",
                                  },
                                  "children": Array [],
                                  "name": "rect",
                                  "namespace": "http://www.w3.org/2000/svg",
                                  "next": Object {
                                    "attribs": Object {
                                      "d": "M5.5 0h1v3h-1zM11.66 3.05L11 2.34a.502.502 0 10-.71.71l.07.07-.7.71.56.56.71-.7.07.07a.502.502 0 00.71-.71zM2.39 3.83l-.7-.71.07-.07a.502.502 0 00-.71-.71l-.71.71a.502.502 0 00.71.71l.07-.07.71.7z",
                                      "fill": "currentColor",
                                    },
                                    "children": Array [],
                                    "name": "path",
                                    "namespace": "http://www.w3.org/2000/svg",
                                    "next": null,
                                    "parent": [Circular],
                                    "prev": [Circular],
                                    "type": "tag",
                                    "x-attribsNamespace": Object {
                                      "d": undefined,
                                      "fill": undefined,
                                    },
                                    "x-attribsPrefix": Object {
                                      "d": undefined,
                                      "fill": undefined,
                                    },
                                  },
                                  "parent": [Circular],
                                  "prev": [Circular],
                                  "type": "tag",
                                  "x-attribsNamespace": Object {
                                    "height": undefined,
                                    "rx": undefined,
                                    "width": undefined,
                                    "x": undefined,
                                  },
                                  "x-attribsPrefix": Object {
                                    "height": undefined,
                                    "rx": undefined,
                                    "width": undefined,
                                    "x": undefined,
                                  },
                                },
                                "parent": [Circular],
                                "prev": null,
                                "type": "tag",
                                "x-attribsNamespace": Object {
                                  "d": undefined,
                                  "fill": undefined,
                                },
                                "x-attribsPrefix": Object {
                                  "d": undefined,
                                  "fill": undefined,
                                },
                              },
                              Object {
                                "attribs": Object {
                                  "height": "1",
                                  "rx": "0.5",
                                  "width": "4",
                                  "x": "4",
                                },
                                "children": Array [],
                                "name": "rect",
                                "namespace": "http://www.w3.org/2000/svg",
                                "next": Object {
                                  "attribs": Object {
                                    "d": "M5.5 0h1v3h-1zM11.66 3.05L11 2.34a.502.502 0 10-.71.71l.07.07-.7.71.56.56.71-.7.07.07a.502.502 0 00.71-.71zM2.39 3.83l-.7-.71.07-.07a.502.502 0 00-.71-.71l-.71.71a.502.502 0 00.71.71l.07-.07.71.7z",
                                    "fill": "currentColor",
                                  },
                                  "children": Array [],
                                  "name": "path",
                                  "namespace": "http://www.w3.org/2000/svg",
                                  "next": null,
                                  "parent": [Circular],
                                  "prev": [Circular],
                                  "type": "tag",
                                  "x-attribsNamespace": Object {
                                    "d": undefined,
                                    "fill": undefined,
                                  },
                                  "x-attribsPrefix": Object {
                                    "d": undefined,
                                    "fill": undefined,
                                  },
                                },
                                "parent": [Circular],
                                "prev": Object {
                                  "attribs": Object {
                                    "d": "M6 2a6 6 0 106 6 6 6 0 00-6-6zm0 11a5 5 0 115-5 5 5 0 01-5 5z",
                                    "fill": "currentColor",
                                  },
                                  "children": Array [],
                                  "name": "path",
                                  "namespace": "http://www.w3.org/2000/svg",
                                  "next": [Circular],
                                  "parent": [Circular],
                                  "prev": null,
                                  "type": "tag",
                                  "x-attribsNamespace": Object {
                                    "d": undefined,
                                    "fill": undefined,
                                  },
                                  "x-attribsPrefix": Object {
                                    "d": undefined,
                                    "fill": undefined,
                                  },
                                },
                                "type": "tag",
                                "x-attribsNamespace": Object {
                                  "height": undefined,
                                  "rx": undefined,
                                  "width": undefined,
                                  "x": undefined,
                                },
                                "x-attribsPrefix": Object {
                                  "height": undefined,
                                  "rx": undefined,
                                  "width": undefined,
                                  "x": undefined,
                                },
                              },
                              Object {
                                "attribs": Object {
                                  "d": "M5.5 0h1v3h-1zM11.66 3.05L11 2.34a.502.502 0 10-.71.71l.07.07-.7.71.56.56.71-.7.07.07a.502.502 0 00.71-.71zM2.39 3.83l-.7-.71.07-.07a.502.502 0 00-.71-.71l-.71.71a.502.502 0 00.71.71l.07-.07.71.7z",
                                  "fill": "currentColor",
                                },
                                "children": Array [],
                                "name": "path",
                                "namespace": "http://www.w3.org/2000/svg",
                                "next": null,
                                "parent": [Circular],
                                "prev": Object {
                                  "attribs": Object {
                                    "height": "1",
                                    "rx": "0.5",
                                    "width": "4",
                                    "x": "4",
                                  },
                                  "children": Array [],
                                  "name": "rect",
                                  "namespace": "http://www.w3.org/2000/svg",
                                  "next": [Circular],
                                  "parent": [Circular],
                                  "prev": Object {
                                    "attribs": Object {
                                      "d": "M6 2a6 6 0 106 6 6 6 0 00-6-6zm0 11a5 5 0 115-5 5 5 0 01-5 5z",
                                      "fill": "currentColor",
                                    },
                                    "children": Array [],
                                    "name": "path",
                                    "namespace": "http://www.w3.org/2000/svg",
                                    "next": [Circular],
                                    "parent": [Circular],
                                    "prev": null,
                                    "type": "tag",
                                    "x-attribsNamespace": Object {
                                      "d": undefined,
                                      "fill": undefined,
                                    },
                                    "x-attribsPrefix": Object {
                                      "d": undefined,
                                      "fill": undefined,
                                    },
                                  },
                                  "type": "tag",
                                  "x-attribsNamespace": Object {
                                    "height": undefined,
                                    "rx": undefined,
                                    "width": undefined,
                                    "x": undefined,
                                  },
                                  "x-attribsPrefix": Object {
                                    "height": undefined,
                                    "rx": undefined,
                                    "width": undefined,
                                    "x": undefined,
                                  },
                                },
                                "type": "tag",
                                "x-attribsNamespace": Object {
                                  "d": undefined,
                                  "fill": undefined,
                                },
                                "x-attribsPrefix": Object {
                                  "d": undefined,
                                  "fill": undefined,
                                },
                              },
                            ],
                            "name": "g",
                            "namespace": "http://www.w3.org/2000/svg",
                            "next": null,
                            "parent": [Circular],
                            "prev": null,
                            "type": "tag",
                            "x-attribsNamespace": Object {
                              "clip-path": undefined,
                            },
                            "x-attribsPrefix": Object {
                              "clip-path": undefined,
                            },
                          },
                        ],
                        "name": "g",
                        "namespace": "http://www.w3.org/2000/svg",
                        "next": null,
                        "parent": [Circular],
                        "prev": [Circular],
                        "type": "tag",
                        "x-attribsNamespace": Object {},
                        "x-attribsPrefix": Object {},
                      },
                      "parent": [Circular],
                      "prev": null,
                      "type": "tag",
                      "x-attribsNamespace": Object {},
                      "x-attribsPrefix": Object {},
                    },
                    Object {
                      "attribs": Object {},
                      "children": Array [
                        Object {
                          "attribs": Object {
                            "clip-path": "url(#stop-watch-outlined_svg__a)",
                          },
                          "children": Array [
                            Object {
                              "attribs": Object {
                                "d": "M6 2a6 6 0 106 6 6 6 0 00-6-6zm0 11a5 5 0 115-5 5 5 0 01-5 5z",
                                "fill": "currentColor",
                              },
                              "children": Array [],
                              "name": "path",
                              "namespace": "http://www.w3.org/2000/svg",
                              "next": Object {
                                "attribs": Object {
                                  "height": "1",
                                  "rx": "0.5",
                                  "width": "4",
                                  "x": "4",
                                },
                                "children": Array [],
                                "name": "rect",
                                "namespace": "http://www.w3.org/2000/svg",
                                "next": Object {
                                  "attribs": Object {
                                    "d": "M5.5 0h1v3h-1zM11.66 3.05L11 2.34a.502.502 0 10-.71.71l.07.07-.7.71.56.56.71-.7.07.07a.502.502 0 00.71-.71zM2.39 3.83l-.7-.71.07-.07a.502.502 0 00-.71-.71l-.71.71a.502.502 0 00.71.71l.07-.07.71.7z",
                                    "fill": "currentColor",
                                  },
                                  "children": Array [],
                                  "name": "path",
                                  "namespace": "http://www.w3.org/2000/svg",
                                  "next": null,
                                  "parent": [Circular],
                                  "prev": [Circular],
                                  "type": "tag",
                                  "x-attribsNamespace": Object {
                                    "d": undefined,
                                    "fill": undefined,
                                  },
                                  "x-attribsPrefix": Object {
                                    "d": undefined,
                                    "fill": undefined,
                                  },
                                },
                                "parent": [Circular],
                                "prev": [Circular],
                                "type": "tag",
                                "x-attribsNamespace": Object {
                                  "height": undefined,
                                  "rx": undefined,
                                  "width": undefined,
                                  "x": undefined,
                                },
                                "x-attribsPrefix": Object {
                                  "height": undefined,
                                  "rx": undefined,
                                  "width": undefined,
                                  "x": undefined,
                                },
                              },
                              "parent": [Circular],
                              "prev": null,
                              "type": "tag",
                              "x-attribsNamespace": Object {
                                "d": undefined,
                                "fill": undefined,
                              },
                              "x-attribsPrefix": Object {
                                "d": undefined,
                                "fill": undefined,
                              },
                            },
                            Object {
                              "attribs": Object {
                                "height": "1",
                                "rx": "0.5",
                                "width": "4",
                                "x": "4",
                              },
                              "children": Array [],
                              "name": "rect",
                              "namespace": "http://www.w3.org/2000/svg",
                              "next": Object {
                                "attribs": Object {
                                  "d": "M5.5 0h1v3h-1zM11.66 3.05L11 2.34a.502.502 0 10-.71.71l.07.07-.7.71.56.56.71-.7.07.07a.502.502 0 00.71-.71zM2.39 3.83l-.7-.71.07-.07a.502.502 0 00-.71-.71l-.71.71a.502.502 0 00.71.71l.07-.07.71.7z",
                                  "fill": "currentColor",
                                },
                                "children": Array [],
                                "name": "path",
                                "namespace": "http://www.w3.org/2000/svg",
                                "next": null,
                                "parent": [Circular],
                                "prev": [Circular],
                                "type": "tag",
                                "x-attribsNamespace": Object {
                                  "d": undefined,
                                  "fill": undefined,
                                },
                                "x-attribsPrefix": Object {
                                  "d": undefined,
                                  "fill": undefined,
                                },
                              },
                              "parent": [Circular],
                              "prev": Object {
                                "attribs": Object {
                                  "d": "M6 2a6 6 0 106 6 6 6 0 00-6-6zm0 11a5 5 0 115-5 5 5 0 01-5 5z",
                                  "fill": "currentColor",
                                },
                                "children": Array [],
                                "name": "path",
                                "namespace": "http://www.w3.org/2000/svg",
                                "next": [Circular],
                                "parent": [Circular],
                                "prev": null,
                                "type": "tag",
                                "x-attribsNamespace": Object {
                                  "d": undefined,
                                  "fill": undefined,
                                },
                                "x-attribsPrefix": Object {
                                  "d": undefined,
                                  "fill": undefined,
                                },
                              },
                              "type": "tag",
                              "x-attribsNamespace": Object {
                                "height": undefined,
                                "rx": undefined,
                                "width": undefined,
                                "x": undefined,
                              },
                              "x-attribsPrefix": Object {
                                "height": undefined,
                                "rx": undefined,
                                "width": undefined,
                                "x": undefined,
                              },
                            },
                            Object {
                              "attribs": Object {
                                "d": "M5.5 0h1v3h-1zM11.66 3.05L11 2.34a.502.502 0 10-.71.71l.07.07-.7.71.56.56.71-.7.07.07a.502.502 0 00.71-.71zM2.39 3.83l-.7-.71.07-.07a.502.502 0 00-.71-.71l-.71.71a.502.502 0 00.71.71l.07-.07.71.7z",
                                "fill": "currentColor",
                              },
                              "children": Array [],
                              "name": "path",
                              "namespace": "http://www.w3.org/2000/svg",
                              "next": null,
                              "parent": [Circular],
                              "prev": Object {
                                "attribs": Object {
                                  "height": "1",
                                  "rx": "0.5",
                                  "width": "4",
                                  "x": "4",
                                },
                                "children": Array [],
                                "name": "rect",
                                "namespace": "http://www.w3.org/2000/svg",
                                "next": [Circular],
                                "parent": [Circular],
                                "prev": Object {
                                  "attribs": Object {
                                    "d": "M6 2a6 6 0 106 6 6 6 0 00-6-6zm0 11a5 5 0 115-5 5 5 0 01-5 5z",
                                    "fill": "currentColor",
                                  },
                                  "children": Array [],
                                  "name": "path",
                                  "namespace": "http://www.w3.org/2000/svg",
                                  "next": [Circular],
                                  "parent": [Circular],
                                  "prev": null,
                                  "type": "tag",
                                  "x-attribsNamespace": Object {
                                    "d": undefined,
                                    "fill": undefined,
                                  },
                                  "x-attribsPrefix": Object {
                                    "d": undefined,
                                    "fill": undefined,
                                  },
                                },
                                "type": "tag",
                                "x-attribsNamespace": Object {
                                  "height": undefined,
                                  "rx": undefined,
                                  "width": undefined,
                                  "x": undefined,
                                },
                                "x-attribsPrefix": Object {
                                  "height": undefined,
                                  "rx": undefined,
                                  "width": undefined,
                                  "x": undefined,
                                },
                              },
                              "type": "tag",
                              "x-attribsNamespace": Object {
                                "d": undefined,
                                "fill": undefined,
                              },
                              "x-attribsPrefix": Object {
                                "d": undefined,
                                "fill": undefined,
                              },
                            },
                          ],
                          "name": "g",
                          "namespace": "http://www.w3.org/2000/svg",
                          "next": null,
                          "parent": [Circular],
                          "prev": null,
                          "type": "tag",
                          "x-attribsNamespace": Object {
                            "clip-path": undefined,
                          },
                          "x-attribsPrefix": Object {
                            "clip-path": undefined,
                          },
                        },
                      ],
                      "name": "g",
                      "namespace": "http://www.w3.org/2000/svg",
                      "next": null,
                      "parent": [Circular],
                      "prev": Object {
                        "attribs": Object {},
                        "children": Array [
                          Object {
                            "attribs": Object {
                              "id": "stop-watch-outlined_svg__a",
                              "transform": "translate(-1)",
                            },
                            "children": Array [
                              Object {
                                "attribs": Object {
                                  "d": "M0 0h14v14H0z",
                                  "fill": "currentColor",
                                },
                                "children": Array [],
                                "name": "path",
                                "namespace": "http://www.w3.org/2000/svg",
                                "next": null,
                                "parent": [Circular],
                                "prev": null,
                                "type": "tag",
                                "x-attribsNamespace": Object {
                                  "d": undefined,
                                  "fill": undefined,
                                },
                                "x-attribsPrefix": Object {
                                  "d": undefined,
                                  "fill": undefined,
                                },
                              },
                            ],
                            "name": "clipPath",
                            "namespace": "http://www.w3.org/2000/svg",
                            "next": null,
                            "parent": [Circular],
                            "prev": null,
                            "type": "tag",
                            "x-attribsNamespace": Object {
                              "id": undefined,
                              "transform": undefined,
                            },
                            "x-attribsPrefix": Object {
                              "id": undefined,
                              "transform": undefined,
                            },
                          },
                        ],
                        "name": "defs",
                        "namespace": "http://www.w3.org/2000/svg",
                        "next": [Circular],
                        "parent": [Circular],
                        "prev": null,
                        "type": "tag",
                        "x-attribsNamespace": Object {},
                        "x-attribsPrefix": Object {},
                      },
                      "type": "tag",
                      "x-attribsNamespace": Object {},
                      "x-attribsPrefix": Object {},
                    },
                  ],
                  "name": "svg",
                  "namespace": "http://www.w3.org/2000/svg",
                  "next": null,
                  "parent": [Circular],
                  "prev": null,
                  "type": "tag",
                  "x-attribsNamespace": Object {
                    "class": undefined,
                    "fill": undefined,
                    "height": undefined,
                    "style": undefined,
                    "viewBox": undefined,
                    "width": undefined,
                    "xmlns": "http://www.w3.org/2000/xmlns/",
                  },
                  "x-attribsPrefix": Object {
                    "class": undefined,
                    "fill": undefined,
                    "height": undefined,
                    "style": undefined,
                    "viewBox": undefined,
                    "width": undefined,
                    "xmlns": "",
                  },
                },
              ],
              "name": "span",
              "namespace": "http://www.w3.org/1999/xhtml",
              "next": null,
              "parent": [Circular],
              "prev": null,
              "type": "tag",
              "x-attribsNamespace": Object {
                "class": undefined,
              },
              "x-attribsPrefix": Object {
                "class": undefined,
              },
            },
          ],
          "name": "span",
          "namespace": "http://www.w3.org/1999/xhtml",
          "next": null,
          "parent": [Circular],
          "prev": [Circular],
          "type": "tag",
          "x-attribsNamespace": Object {
            "class": undefined,
            "role": undefined,
          },
          "x-attribsPrefix": Object {
            "class": undefined,
            "role": undefined,
          },
        },
        "parent": [Circular],
        "prev": null,
        "type": "tag",
        "x-attribsNamespace": Object {
          "class": undefined,
          "required": undefined,
          "type": undefined,
          "value": undefined,
        },
        "x-attribsPrefix": Object {
          "class": undefined,
          "required": undefined,
          "type": undefined,
          "value": undefined,
        },
      },
      Object {
        "attribs": Object {
          "class": "gio-time-picker-addon-icon",
          "role": "button",
        },
        "children": Array [
          Object {
            "attribs": Object {
              "class": "gio-icon",
            },
            "children": Array [
              Object {
                "attribs": Object {
                  "class": "gio-icon-svg",
                  "fill": "currentColor",
                  "height": "16px",
                  "style": "color:#5C4E61",
                  "viewBox": "0 0 12 14",
                  "width": "16px",
                  "xmlns": "http://www.w3.org/2000/svg",
                },
                "children": Array [
                  Object {
                    "attribs": Object {},
                    "children": Array [
                      Object {
                        "attribs": Object {
                          "id": "stop-watch-outlined_svg__a",
                          "transform": "translate(-1)",
                        },
                        "children": Array [
                          Object {
                            "attribs": Object {
                              "d": "M0 0h14v14H0z",
                              "fill": "currentColor",
                            },
                            "children": Array [],
                            "name": "path",
                            "namespace": "http://www.w3.org/2000/svg",
                            "next": null,
                            "parent": [Circular],
                            "prev": null,
                            "type": "tag",
                            "x-attribsNamespace": Object {
                              "d": undefined,
                              "fill": undefined,
                            },
                            "x-attribsPrefix": Object {
                              "d": undefined,
                              "fill": undefined,
                            },
                          },
                        ],
                        "name": "clipPath",
                        "namespace": "http://www.w3.org/2000/svg",
                        "next": null,
                        "parent": [Circular],
                        "prev": null,
                        "type": "tag",
                        "x-attribsNamespace": Object {
                          "id": undefined,
                          "transform": undefined,
                        },
                        "x-attribsPrefix": Object {
                          "id": undefined,
                          "transform": undefined,
                        },
                      },
                    ],
                    "name": "defs",
                    "namespace": "http://www.w3.org/2000/svg",
                    "next": Object {
                      "attribs": Object {},
                      "children": Array [
                        Object {
                          "attribs": Object {
                            "clip-path": "url(#stop-watch-outlined_svg__a)",
                          },
                          "children": Array [
                            Object {
                              "attribs": Object {
                                "d": "M6 2a6 6 0 106 6 6 6 0 00-6-6zm0 11a5 5 0 115-5 5 5 0 01-5 5z",
                                "fill": "currentColor",
                              },
                              "children": Array [],
                              "name": "path",
                              "namespace": "http://www.w3.org/2000/svg",
                              "next": Object {
                                "attribs": Object {
                                  "height": "1",
                                  "rx": "0.5",
                                  "width": "4",
                                  "x": "4",
                                },
                                "children": Array [],
                                "name": "rect",
                                "namespace": "http://www.w3.org/2000/svg",
                                "next": Object {
                                  "attribs": Object {
                                    "d": "M5.5 0h1v3h-1zM11.66 3.05L11 2.34a.502.502 0 10-.71.71l.07.07-.7.71.56.56.71-.7.07.07a.502.502 0 00.71-.71zM2.39 3.83l-.7-.71.07-.07a.502.502 0 00-.71-.71l-.71.71a.502.502 0 00.71.71l.07-.07.71.7z",
                                    "fill": "currentColor",
                                  },
                                  "children": Array [],
                                  "name": "path",
                                  "namespace": "http://www.w3.org/2000/svg",
                                  "next": null,
                                  "parent": [Circular],
                                  "prev": [Circular],
                                  "type": "tag",
                                  "x-attribsNamespace": Object {
                                    "d": undefined,
                                    "fill": undefined,
                                  },
                                  "x-attribsPrefix": Object {
                                    "d": undefined,
                                    "fill": undefined,
                                  },
                                },
                                "parent": [Circular],
                                "prev": [Circular],
                                "type": "tag",
                                "x-attribsNamespace": Object {
                                  "height": undefined,
                                  "rx": undefined,
                                  "width": undefined,
                                  "x": undefined,
                                },
                                "x-attribsPrefix": Object {
                                  "height": undefined,
                                  "rx": undefined,
                                  "width": undefined,
                                  "x": undefined,
                                },
                              },
                              "parent": [Circular],
                              "prev": null,
                              "type": "tag",
                              "x-attribsNamespace": Object {
                                "d": undefined,
                                "fill": undefined,
                              },
                              "x-attribsPrefix": Object {
                                "d": undefined,
                                "fill": undefined,
                              },
                            },
                            Object {
                              "attribs": Object {
                                "height": "1",
                                "rx": "0.5",
                                "width": "4",
                                "x": "4",
                              },
                              "children": Array [],
                              "name": "rect",
                              "namespace": "http://www.w3.org/2000/svg",
                              "next": Object {
                                "attribs": Object {
                                  "d": "M5.5 0h1v3h-1zM11.66 3.05L11 2.34a.502.502 0 10-.71.71l.07.07-.7.71.56.56.71-.7.07.07a.502.502 0 00.71-.71zM2.39 3.83l-.7-.71.07-.07a.502.502 0 00-.71-.71l-.71.71a.502.502 0 00.71.71l.07-.07.71.7z",
                                  "fill": "currentColor",
                                },
                                "children": Array [],
                                "name": "path",
                                "namespace": "http://www.w3.org/2000/svg",
                                "next": null,
                                "parent": [Circular],
                                "prev": [Circular],
                                "type": "tag",
                                "x-attribsNamespace": Object {
                                  "d": undefined,
                                  "fill": undefined,
                                },
                                "x-attribsPrefix": Object {
                                  "d": undefined,
                                  "fill": undefined,
                                },
                              },
                              "parent": [Circular],
                              "prev": Object {
                                "attribs": Object {
                                  "d": "M6 2a6 6 0 106 6 6 6 0 00-6-6zm0 11a5 5 0 115-5 5 5 0 01-5 5z",
                                  "fill": "currentColor",
                                },
                                "children": Array [],
                                "name": "path",
                                "namespace": "http://www.w3.org/2000/svg",
                                "next": [Circular],
                                "parent": [Circular],
                                "prev": null,
                                "type": "tag",
                                "x-attribsNamespace": Object {
                                  "d": undefined,
                                  "fill": undefined,
                                },
                                "x-attribsPrefix": Object {
                                  "d": undefined,
                                  "fill": undefined,
                                },
                              },
                              "type": "tag",
                              "x-attribsNamespace": Object {
                                "height": undefined,
                                "rx": undefined,
                                "width": undefined,
                                "x": undefined,
                              },
                              "x-attribsPrefix": Object {
                                "height": undefined,
                                "rx": undefined,
                                "width": undefined,
                                "x": undefined,
                              },
                            },
                            Object {
                              "attribs": Object {
                                "d": "M5.5 0h1v3h-1zM11.66 3.05L11 2.34a.502.502 0 10-.71.71l.07.07-.7.71.56.56.71-.7.07.07a.502.502 0 00.71-.71zM2.39 3.83l-.7-.71.07-.07a.502.502 0 00-.71-.71l-.71.71a.502.502 0 00.71.71l.07-.07.71.7z",
                                "fill": "currentColor",
                              },
                              "children": Array [],
                              "name": "path",
                              "namespace": "http://www.w3.org/2000/svg",
                              "next": null,
                              "parent": [Circular],
                              "prev": Object {
                                "attribs": Object {
                                  "height": "1",
                                  "rx": "0.5",
                                  "width": "4",
                                  "x": "4",
                                },
                                "children": Array [],
                                "name": "rect",
                                "namespace": "http://www.w3.org/2000/svg",
                                "next": [Circular],
                                "parent": [Circular],
                                "prev": Object {
                                  "attribs": Object {
                                    "d": "M6 2a6 6 0 106 6 6 6 0 00-6-6zm0 11a5 5 0 115-5 5 5 0 01-5 5z",
                                    "fill": "currentColor",
                                  },
                                  "children": Array [],
                                  "name": "path",
                                  "namespace": "http://www.w3.org/2000/svg",
                                  "next": [Circular],
                                  "parent": [Circular],
                                  "prev": null,
                                  "type": "tag",
                                  "x-attribsNamespace": Object {
                                    "d": undefined,
                                    "fill": undefined,
                                  },
                                  "x-attribsPrefix": Object {
                                    "d": undefined,
                                    "fill": undefined,
                                  },
                                },
                                "type": "tag",
                                "x-attribsNamespace": Object {
                                  "height": undefined,
                                  "rx": undefined,
                                  "width": undefined,
                                  "x": undefined,
                                },
                                "x-attribsPrefix": Object {
                                  "height": undefined,
                                  "rx": undefined,
                                  "width": undefined,
                                  "x": undefined,
                                },
                              },
                              "type": "tag",
                              "x-attribsNamespace": Object {
                                "d": undefined,
                                "fill": undefined,
                              },
                              "x-attribsPrefix": Object {
                                "d": undefined,
                                "fill": undefined,
                              },
                            },
                          ],
                          "name": "g",
                          "namespace": "http://www.w3.org/2000/svg",
                          "next": null,
                          "parent": [Circular],
                          "prev": null,
                          "type": "tag",
                          "x-attribsNamespace": Object {
                            "clip-path": undefined,
                          },
                          "x-attribsPrefix": Object {
                            "clip-path": undefined,
                          },
                        },
                      ],
                      "name": "g",
                      "namespace": "http://www.w3.org/2000/svg",
                      "next": null,
                      "parent": [Circular],
                      "prev": [Circular],
                      "type": "tag",
                      "x-attribsNamespace": Object {},
                      "x-attribsPrefix": Object {},
                    },
                    "parent": [Circular],
                    "prev": null,
                    "type": "tag",
                    "x-attribsNamespace": Object {},
                    "x-attribsPrefix": Object {},
                  },
                  Object {
                    "attribs": Object {},
                    "children": Array [
                      Object {
                        "attribs": Object {
                          "clip-path": "url(#stop-watch-outlined_svg__a)",
                        },
                        "children": Array [
                          Object {
                            "attribs": Object {
                              "d": "M6 2a6 6 0 106 6 6 6 0 00-6-6zm0 11a5 5 0 115-5 5 5 0 01-5 5z",
                              "fill": "currentColor",
                            },
                            "children": Array [],
                            "name": "path",
                            "namespace": "http://www.w3.org/2000/svg",
                            "next": Object {
                              "attribs": Object {
                                "height": "1",
                                "rx": "0.5",
                                "width": "4",
                                "x": "4",
                              },
                              "children": Array [],
                              "name": "rect",
                              "namespace": "http://www.w3.org/2000/svg",
                              "next": Object {
                                "attribs": Object {
                                  "d": "M5.5 0h1v3h-1zM11.66 3.05L11 2.34a.502.502 0 10-.71.71l.07.07-.7.71.56.56.71-.7.07.07a.502.502 0 00.71-.71zM2.39 3.83l-.7-.71.07-.07a.502.502 0 00-.71-.71l-.71.71a.502.502 0 00.71.71l.07-.07.71.7z",
                                  "fill": "currentColor",
                                },
                                "children": Array [],
                                "name": "path",
                                "namespace": "http://www.w3.org/2000/svg",
                                "next": null,
                                "parent": [Circular],
                                "prev": [Circular],
                                "type": "tag",
                                "x-attribsNamespace": Object {
                                  "d": undefined,
                                  "fill": undefined,
                                },
                                "x-attribsPrefix": Object {
                                  "d": undefined,
                                  "fill": undefined,
                                },
                              },
                              "parent": [Circular],
                              "prev": [Circular],
                              "type": "tag",
                              "x-attribsNamespace": Object {
                                "height": undefined,
                                "rx": undefined,
                                "width": undefined,
                                "x": undefined,
                              },
                              "x-attribsPrefix": Object {
                                "height": undefined,
                                "rx": undefined,
                                "width": undefined,
                                "x": undefined,
                              },
                            },
                            "parent": [Circular],
                            "prev": null,
                            "type": "tag",
                            "x-attribsNamespace": Object {
                              "d": undefined,
                              "fill": undefined,
                            },
                            "x-attribsPrefix": Object {
                              "d": undefined,
                              "fill": undefined,
                            },
                          },
                          Object {
                            "attribs": Object {
                              "height": "1",
                              "rx": "0.5",
                              "width": "4",
                              "x": "4",
                            },
                            "children": Array [],
                            "name": "rect",
                            "namespace": "http://www.w3.org/2000/svg",
                            "next": Object {
                              "attribs": Object {
                                "d": "M5.5 0h1v3h-1zM11.66 3.05L11 2.34a.502.502 0 10-.71.71l.07.07-.7.71.56.56.71-.7.07.07a.502.502 0 00.71-.71zM2.39 3.83l-.7-.71.07-.07a.502.502 0 00-.71-.71l-.71.71a.502.502 0 00.71.71l.07-.07.71.7z",
                                "fill": "currentColor",
                              },
                              "children": Array [],
                              "name": "path",
                              "namespace": "http://www.w3.org/2000/svg",
                              "next": null,
                              "parent": [Circular],
                              "prev": [Circular],
                              "type": "tag",
                              "x-attribsNamespace": Object {
                                "d": undefined,
                                "fill": undefined,
                              },
                              "x-attribsPrefix": Object {
                                "d": undefined,
                                "fill": undefined,
                              },
                            },
                            "parent": [Circular],
                            "prev": Object {
                              "attribs": Object {
                                "d": "M6 2a6 6 0 106 6 6 6 0 00-6-6zm0 11a5 5 0 115-5 5 5 0 01-5 5z",
                                "fill": "currentColor",
                              },
                              "children": Array [],
                              "name": "path",
                              "namespace": "http://www.w3.org/2000/svg",
                              "next": [Circular],
                              "parent": [Circular],
                              "prev": null,
                              "type": "tag",
                              "x-attribsNamespace": Object {
                                "d": undefined,
                                "fill": undefined,
                              },
                              "x-attribsPrefix": Object {
                                "d": undefined,
                                "fill": undefined,
                              },
                            },
                            "type": "tag",
                            "x-attribsNamespace": Object {
                              "height": undefined,
                              "rx": undefined,
                              "width": undefined,
                              "x": undefined,
                            },
                            "x-attribsPrefix": Object {
                              "height": undefined,
                              "rx": undefined,
                              "width": undefined,
                              "x": undefined,
                            },
                          },
                          Object {
                            "attribs": Object {
                              "d": "M5.5 0h1v3h-1zM11.66 3.05L11 2.34a.502.502 0 10-.71.71l.07.07-.7.71.56.56.71-.7.07.07a.502.502 0 00.71-.71zM2.39 3.83l-.7-.71.07-.07a.502.502 0 00-.71-.71l-.71.71a.502.502 0 00.71.71l.07-.07.71.7z",
                              "fill": "currentColor",
                            },
                            "children": Array [],
                            "name": "path",
                            "namespace": "http://www.w3.org/2000/svg",
                            "next": null,
                            "parent": [Circular],
                            "prev": Object {
                              "attribs": Object {
                                "height": "1",
                                "rx": "0.5",
                                "width": "4",
                                "x": "4",
                              },
                              "children": Array [],
                              "name": "rect",
                              "namespace": "http://www.w3.org/2000/svg",
                              "next": [Circular],
                              "parent": [Circular],
                              "prev": Object {
                                "attribs": Object {
                                  "d": "M6 2a6 6 0 106 6 6 6 0 00-6-6zm0 11a5 5 0 115-5 5 5 0 01-5 5z",
                                  "fill": "currentColor",
                                },
                                "children": Array [],
                                "name": "path",
                                "namespace": "http://www.w3.org/2000/svg",
                                "next": [Circular],
                                "parent": [Circular],
                                "prev": null,
                                "type": "tag",
                                "x-attribsNamespace": Object {
                                  "d": undefined,
                                  "fill": undefined,
                                },
                                "x-attribsPrefix": Object {
                                  "d": undefined,
                                  "fill": undefined,
                                },
                              },
                              "type": "tag",
                              "x-attribsNamespace": Object {
                                "height": undefined,
                                "rx": undefined,
                                "width": undefined,
                                "x": undefined,
                              },
                              "x-attribsPrefix": Object {
                                "height": undefined,
                                "rx": undefined,
                                "width": undefined,
                                "x": undefined,
                              },
                            },
                            "type": "tag",
                            "x-attribsNamespace": Object {
                              "d": undefined,
                              "fill": undefined,
                            },
                            "x-attribsPrefix": Object {
                              "d": undefined,
                              "fill": undefined,
                            },
                          },
                        ],
                        "name": "g",
                        "namespace": "http://www.w3.org/2000/svg",
                        "next": null,
                        "parent": [Circular],
                        "prev": null,
                        "type": "tag",
                        "x-attribsNamespace": Object {
                          "clip-path": undefined,
                        },
                        "x-attribsPrefix": Object {
                          "clip-path": undefined,
                        },
                      },
                    ],
                    "name": "g",
                    "namespace": "http://www.w3.org/2000/svg",
                    "next": null,
                    "parent": [Circular],
                    "prev": Object {
                      "attribs": Object {},
                      "children": Array [
                        Object {
                          "attribs": Object {
                            "id": "stop-watch-outlined_svg__a",
                            "transform": "translate(-1)",
                          },
                          "children": Array [
                            Object {
                              "attribs": Object {
                                "d": "M0 0h14v14H0z",
                                "fill": "currentColor",
                              },
                              "children": Array [],
                              "name": "path",
                              "namespace": "http://www.w3.org/2000/svg",
                              "next": null,
                              "parent": [Circular],
                              "prev": null,
                              "type": "tag",
                              "x-attribsNamespace": Object {
                                "d": undefined,
                                "fill": undefined,
                              },
                              "x-attribsPrefix": Object {
                                "d": undefined,
                                "fill": undefined,
                              },
                            },
                          ],
                          "name": "clipPath",
                          "namespace": "http://www.w3.org/2000/svg",
                          "next": null,
                          "parent": [Circular],
                          "prev": null,
                          "type": "tag",
                          "x-attribsNamespace": Object {
                            "id": undefined,
                            "transform": undefined,
                          },
                          "x-attribsPrefix": Object {
                            "id": undefined,
                            "transform": undefined,
                          },
                        },
                      ],
                      "name": "defs",
                      "namespace": "http://www.w3.org/2000/svg",
                      "next": [Circular],
                      "parent": [Circular],
                      "prev": null,
                      "type": "tag",
                      "x-attribsNamespace": Object {},
                      "x-attribsPrefix": Object {},
                    },
                    "type": "tag",
                    "x-attribsNamespace": Object {},
                    "x-attribsPrefix": Object {},
                  },
                ],
                "name": "svg",
                "namespace": "http://www.w3.org/2000/svg",
                "next": null,
                "parent": [Circular],
                "prev": null,
                "type": "tag",
                "x-attribsNamespace": Object {
                  "class": undefined,
                  "fill": undefined,
                  "height": undefined,
                  "style": undefined,
                  "viewBox": undefined,
                  "width": undefined,
                  "xmlns": "http://www.w3.org/2000/xmlns/",
                },
                "x-attribsPrefix": Object {
                  "class": undefined,
                  "fill": undefined,
                  "height": undefined,
                  "style": undefined,
                  "viewBox": undefined,
                  "width": undefined,
                  "xmlns": "",
                },
              },
            ],
            "name": "span",
            "namespace": "http://www.w3.org/1999/xhtml",
            "next": null,
            "parent": [Circular],
            "prev": null,
            "type": "tag",
            "x-attribsNamespace": Object {
              "class": undefined,
            },
            "x-attribsPrefix": Object {
              "class": undefined,
            },
          },
        ],
        "name": "span",
        "namespace": "http://www.w3.org/1999/xhtml",
        "next": null,
        "parent": [Circular],
        "prev": Object {
          "attribs": Object {
            "class": "gio-time-picker-input",
            "required": "",
            "type": "text",
            "value": "",
          },
          "children": Array [],
          "name": "input",
          "namespace": "http://www.w3.org/1999/xhtml",
          "next": [Circular],
          "parent": [Circular],
          "prev": null,
          "type": "tag",
          "x-attribsNamespace": Object {
            "class": undefined,
            "required": undefined,
            "type": undefined,
            "value": undefined,
          },
          "x-attribsPrefix": Object {
            "class": undefined,
            "required": undefined,
            "type": undefined,
            "value": undefined,
          },
        },
        "type": "tag",
        "x-attribsNamespace": Object {
          "class": undefined,
          "role": undefined,
        },
        "x-attribsPrefix": Object {
          "class": undefined,
          "role": undefined,
        },
      },
    ],
    "name": "span",
    "namespace": "http://www.w3.org/1999/xhtml",
    "next": null,
    "parent": null,
    "prev": null,
    "root": Object {
      "attribs": Object {},
      "children": Array [
        [Circular],
      ],
      "name": "root",
      "namespace": "http://www.w3.org/1999/xhtml",
      "next": null,
      "parent": null,
      "prev": null,
      "type": "root",
      "x-attribsNamespace": Object {},
      "x-attribsPrefix": Object {},
    },
    "type": "tag",
    "x-attribsNamespace": Object {
      "class": undefined,
    },
    "x-attribsPrefix": Object {
      "class": undefined,
    },
  },
  "_root": [Circular],
  "length": 1,
  "options": Object {
    "decodeEntities": true,
    "normalizeWhitespace": false,
    "withDomLvl1": true,
    "xml": false,
  },
}
`;
