// Jest Snapshot v1, https://goo.gl/fbAQLP

exports[`Testing TabNav should be stable 1`] = `
<DocumentFragment>
  <div
    class="gio-tabnav gio-tabnav-block gio-tabnav-lg"
  >
    <div
      class="gio-tabnav-item gio-tabnav-item-active"
      data-testid="tabnav-item"
    >
      <div
        class="gio-tabnav-item-btn"
      >
        111
      </div>
    </div>
    <div
      class="gio-tabnav-item"
      data-testid="tabnav-item"
    >
      <div
        class="gio-tabnav-item-btn"
      >
        222
      </div>
    </div>
    <div
      class="gio-tabnav-item"
      data-testid="tabnav-item"
    >
      <div
        class="gio-tabnav-item-btn"
      >
        333
      </div>
    </div>
    <div
      class="gio-tabnav-item gio-tabnav-item-disabled"
      data-testid="tabnav-item"
      disabled=""
    >
      <div
        class="gio-tabnav-item-btn"
      >
        444
      </div>
    </div>
    <div
      class="gio-tabnav-ink-bar"
      style="left: 0px; width: 0px;"
    />
  </div>
</DocumentFragment>
`;
