// Jest Snapshot v1, https://goo.gl/fbAQLP

exports[`Testing Grid should be stable 1`] = `
<DocumentFragment>
  <div
    class="gio-row"
    style="margin: -5px -5px 5px -5px;"
  >
    <div
      class="gio-col gio-col-span-3"
      style="padding: 5px 5px 5px 5px;"
    >
      0
    </div>
    <div
      class="gio-col gio-col-span-1 gio-col-order-1"
      style="padding: 5px 5px 5px 5px;"
    >
      3
    </div>
    <div
      class="gio-col gio-col-span-1"
      style="padding: 5px 5px 5px 5px;"
    >
      1
    </div>
    <div
      class="gio-col gio-col-span-7"
      style="padding: 5px 5px 5px 5px;"
    >
      <div
        class="gio-row"
      >
        <div
          class="gio-col gio-col-span-6 gio-col-offset-3"
        >
          4
        </div>
        <div
          class="gio-col gio-col-span-3"
        >
          5
        </div>
      </div>
    </div>
  </div>
</DocumentFragment>
`;
